2026-04-29 15:53:09,990 | INFO | Ma'lumotlar bazasi tayyor.
2026-04-29 15:53:10,723 | INFO | Bot polling boshlandi...
2026-04-29 15:53:10,724 | INFO | Start polling
2026-04-29 15:53:10,829 | INFO | Run polling for bot @TozaHudud_sambot id=8642357165 - 'Toza hudud rasmlar'
2026-04-29 15:53:20,028 | INFO | Update id=690979457 is handled. Duration 437 ms by bot id=8642357165
2026-04-29 15:53:21,349 | INFO | Update id=690979458 is handled. Duration 155 ms by bot id=8642357165
2026-04-29 15:53:29,113 | INFO | Update id=690979459 is handled. Duration 142 ms by bot id=8642357165
2026-04-29 15:53:40,251 | INFO | Update id=690979460 is handled. Duration 2437 ms by bot id=8642357165
2026-04-29 15:59:42,057 | INFO | Ma'lumotlar bazasi tayyor.
2026-04-29 15:59:43,329 | INFO | Bot polling boshlandi...
2026-04-29 15:59:43,330 | INFO | Start polling
2026-04-29 15:59:43,448 | INFO | Run polling for bot @TozaHudud_sambot id=8642357165 - 'Toza hudud rasmlar'
2026-04-29 15:59:56,831 | INFO | Update id=690979461 is handled. Duration 939 ms by bot id=8642357165
2026-04-29 16:03:42,417 | INFO | Ma'lumotlar bazasi tayyor.
2026-04-29 16:03:43,275 | INFO | Bot polling boshlandi...
2026-04-29 16:03:43,276 | INFO | Start polling
2026-04-29 16:03:43,387 | INFO | Run polling for bot @TozaHudud_sambot id=8642357165 - 'Toza hudud rasmlar'
2026-04-29 16:04:16,185 | INFO | Update id=690979462 is handled. Duration 404 ms by bot id=8642357165
2026-04-29 16:04:18,005 | INFO | Update id=690979463 is handled. Duration 213 ms by bot id=8642357165
2026-04-29 16:04:24,414 | INFO | Update id=690979464 is handled. Duration 167 ms by bot id=8642357165
2026-04-29 16:04:26,573 | INFO | Update id=690979465 is handled. Duration 171 ms by bot id=8642357165
2026-04-29 16:04:30,614 | INFO | Update id=690979466 is handled. Duration 499 ms by bot id=8642357165
2026-04-29 16:04:34,115 | INFO | Update id=690979467 is handled. Duration 150 ms by bot id=8642357165
2026-04-29 16:05:11,387 | INFO | Update id=690979468 is handled. Duration 152 ms by bot id=8642357165
2026-04-29 16:05:22,044 | INFO | Update id=690979469 is handled. Duration 155 ms by bot id=8642357165
2026-04-29 16:05:28,658 | INFO | Update id=690979470 is handled. Duration 182 ms by bot id=8642357165
2026-04-29 16:05:33,445 | INFO | Update id=690979471 is handled. Duration 159 ms by bot id=8642357165
2026-04-29 16:05:44,711 | INFO | Update id=690979472 is handled. Duration 1313 ms by bot id=8642357165
2026-04-30 09:20:33,977 | INFO | Ma'lumotlar bazasi tayyor.
2026-04-30 09:20:34,801 | INFO | Bot polling boshlandi...
2026-04-30 09:20:34,801 | INFO | Start polling
2026-04-30 09:20:34,911 | INFO | Run polling for bot @TozaHudud_sambot id=8642357165 - 'Toza hudud rasmlar'
2026-04-30 09:44:36,693 | INFO | Update id=690979473 is handled. Duration 421 ms by bot id=8642357165
2026-04-30 09:45:04,077 | INFO | Update id=690979474 is handled. Duration 136 ms by bot id=8642357165
2026-04-30 09:46:14,150 | INFO | Update id=690979475 is handled. Duration 154 ms by bot id=8642357165
2026-04-30 09:46:22,622 | INFO | Update id=690979476 is handled. Duration 145 ms by bot id=8642357165
2026-04-30 11:03:27,373 | ERROR | Failed to fetch updates - TelegramNetworkError: HTTP Client says - Request timeout error
2026-04-30 11:03:27,377 | WARNING | Sleep for 1.000000 seconds and try again... (tryings = 0, bot id = 8642357165)
2026-04-30 11:03:45,592 | INFO | Connection established (tryings = 1, bot id = 8642357165)
2026-04-30 12:14:35,061 | INFO | Ma'lumotlar bazasi tayyor.
2026-04-30 12:14:35,789 | INFO | Bot polling boshlandi...
2026-04-30 12:14:35,791 | INFO | Start polling
2026-04-30 12:14:35,912 | INFO | Run polling for bot @TozaHudud_sambot id=8642357165 - 'Toza hudud rasmlar'
2026-04-30 16:19:04,808 | ERROR | Failed to fetch updates - TelegramNetworkError: HTTP Client says - ClientOSError: [WinError 64] Указанное сетевое имя более недоступно
2026-04-30 16:19:04,813 | WARNING | Sleep for 1.000000 seconds and try again... (tryings = 0, bot id = 8642357165)
2026-04-30 16:19:16,266 | INFO | Connection established (tryings = 1, bot id = 8642357165)
2026-04-30 16:20:17,110 | ERROR | Failed to fetch updates - TelegramNetworkError: HTTP Client says - ClientOSError: [WinError 64] Указанное сетевое имя более недоступно
2026-04-30 16:20:17,111 | WARNING | Sleep for 1.000000 seconds and try again... (tryings = 0, bot id = 8642357165)
2026-04-30 16:20:28,450 | INFO | Connection established (tryings = 1, bot id = 8642357165)
2026-04-30 16:29:35,663 | ERROR | Failed to fetch updates - TelegramNetworkError: HTTP Client says - ClientOSError: [WinError 64] Указанное сетевое имя более недоступно
2026-04-30 16:29:35,664 | WARNING | Sleep for 1.000000 seconds and try again... (tryings = 0, bot id = 8642357165)
2026-04-30 16:29:47,203 | INFO | Connection established (tryings = 1, bot id = 8642357165)
2026-04-30 20:47:55,782 | ERROR | Failed to fetch updates - TelegramNetworkError: HTTP Client says - Request timeout error
2026-04-30 20:47:55,823 | WARNING | Sleep for 1.000000 seconds and try again... (tryings = 0, bot id = 8642357165)
2026-04-30 20:47:56,864 | ERROR | Failed to fetch updates - TelegramNetworkError: HTTP Client says - ClientConnectorError: Cannot connect to host api.telegram.org:443 ssl:default [Сетевая папка недоступна. За информацией о разрешении проблем в сети обратитесь к справочной системе Windows]
2026-04-30 20:47:56,868 | WARNING | Sleep for 1.093139 seconds and try again... (tryings = 1, bot id = 8642357165)
2026-04-30 20:47:57,978 | ERROR | Failed to fetch updates - TelegramNetworkError: HTTP Client says - ClientConnectorError: Cannot connect to host api.telegram.org:443 ssl:default [Сетевая папка недоступна. За информацией о разрешении проблем в сети обратитесь к справочной системе Windows]
2026-04-30 20:47:57,979 | WARNING | Sleep for 1.392624 seconds and try again... (tryings = 2, bot id = 8642357165)
2026-04-30 20:47:59,384 | ERROR | Failed to fetch updates - TelegramNetworkError: HTTP Client says - ClientConnectorError: Cannot connect to host api.telegram.org:443 ssl:default [Сетевая папка недоступна. За информацией о разрешении проблем в сети обратитесь к справочной системе Windows]
2026-04-30 20:47:59,388 | WARNING | Sleep for 1.702582 seconds and try again... (tryings = 3, bot id = 8642357165)
2026-04-30 21:32:59,704 | ERROR | Failed to fetch updates - TelegramNetworkError: HTTP Client says - ClientConnectorDNSError: Cannot connect to host api.telegram.org:443 ssl:default [getaddrinfo failed]
2026-04-30 21:32:59,705 | WARNING | Sleep for 2.231259 seconds and try again... (tryings = 4, bot id = 8642357165)
2026-05-01 09:18:07,195 | ERROR | Failed to fetch updates - TelegramNetworkError: HTTP Client says - Request timeout error
2026-05-01 09:18:07,208 | WARNING | Sleep for 2.877475 seconds and try again... (tryings = 5, bot id = 8642357165)
2026-05-01 09:18:23,982 | INFO | Connection established (tryings = 6, bot id = 8642357165)
2026-05-01 10:18:02,054 | ERROR | Failed to fetch updates - TelegramNetworkError: HTTP Client says - ClientOSError: [WinError 121] Превышен таймаут семафора
2026-05-01 10:18:02,058 | WARNING | Sleep for 1.000000 seconds and try again... (tryings = 0, bot id = 8642357165)
2026-05-01 10:18:13,467 | INFO | Connection established (tryings = 1, bot id = 8642357165)
